
> sammamish-circle@0.1.0 build
> next build

node.exe :  ΓÜá Warning: 
Next.js inferred your 
workspace root, but it may 
not be correct.
At line:1 char:1
+ & "C:\Program 
Files\nodejs/node.exe" 
"C:\Program 
Files\nodejs/node_mo ...
+ ~~~~~~~~~~~~~~~~~~~~~~~~~~
~~~~~~~~~~~~~~~~~~~~~~~~~~~~
~~~~~~~~~~~~~~~
    + CategoryInfo          
    : NotSpecified: ( ΓÜá   
  Warning: N...not be cor   
 rect.:String) [], Remot    
eException
    + FullyQualifiedErrorId 
    : NativeCommandError
 
 We detected multiple 
lockfiles and selected the 
directory of C:\Users\palas\
package-lock.json as the 
root directory.
 To silence this warning, 
set `outputFileTracingRoot` 
in your Next.js config, or 
consider removing one of 
the lockfiles if it's not 
needed.
   See https://nextjs.org/do
cs/app/api-reference/config/
next-config-js/output#caveat
s for more information.
 Detected additional 
lockfiles: 
   * C:\Users\palas\CS\Anti-
gravity\sammamish-circle-3.0
\package-lock.json

   Γû▓ Next.js 15.5.12

   Creating an optimized production build ...
Failed to compile.

./app/page.tsx
Error:   [31mx[0m 
Expected '</', got 'const'
     ,-[[36;1;4mC:\Users\pa
las\CS\Anti-gravity\sammamis
h-circle-3.0\app\page.tsx[0
m:252:1]
 [2m249[0m |     
hover:border-transparent
 [2m250[0m |    
hover:shadow-lg 
hover:scale-105 transition-t
ransform"><span>Learn More 
About Us</span><span 
class="ml-2"><svg 
stroke="currentColor" 
fill="currentColor" 
stroke-width="0" viewBox="0 
0 448 512" class="text-sm" 
height="1em" width="1em" xml
ns="http://www.w3.org/2000/s
vg"><path d="M438.6 
278.6c12.5-12.5 12.5-32.8 0-
45.3l-160-160c-12.5-12.5-32.
8-12.5-45.3 0s-12.5 32.8 0 
45.3L338.8 224 32 224c-17.7 
0-32 14.3-32 32s14.3 32 32 
32l306.7 0L233.4 
393.4c-12.5 12.5-12.5 32.8 
0 45.3s32.8 12.5 45.3 0l160-
160z"></path></svg></span></
button></div><div 
class="jsx-d1c78ffa13f63f23 
relative order-1 md:order-2 
h-64 md:h-96 rounded-[40px] 
overflow-hidden 
shadow-2xl"><div 
class="jsx-d1c78ffa13f63f23 
absolute inset-0 
bg-gradient-to-t 
from-black/40 
via-transparent 
to-transparent 
z-10"></div><img alt="Port 
Laken Skyline" 
loading="lazy" 
decoding="async" 
data-nimg="fill" 
class="object-cover" src="ht
tps://www.visitportangeles.c
om/visit_port_angeles_upload
s/2025/12/port-angeles-wa-ae
rial-view.jpg" 
style="position: absolute; 
height: 100%; width: 100%; 
inset: 0px; color: transpare
nt;"></div></div></div><scri
pt class="jsx-d1c78ffa13f63f
23">
 [2m251[0m |           if 
(typeof window !== 
'undefined') {
 [2m252[0m |           
const parallax = document.qu
erySelector('.parallax-image
');
     : [35;1m          
^^^^^[0m
 [2m253[0m |           
const updateParallax = () 
=> {
 [2m254[0m |             
if (!parallax) return;
 [2m254[0m |           
const scrollY = 
window.scrollY;
     `----

Caused by:
    Syntax Error

Import trace for requested 
module:
./app/page.tsx


> Build failed because of 
webpack errors
